// Jest Snapshot v1, https://goo.gl/fbAQLP

exports[`Index page Matches snapshot 1`] = `
[
  <header>
    <div
      className="topBarSpacer"
    />
    <nav
      className="section"
    >
      <div
        className="topbar container"
      >
        <a
          href="/"
          onClick={[Function]}
          onMouseEnter={[Function]}
          onTouchStart={[Function]}
        >
          <img
            alt="To home"
            data-nimg="1"
            decoding="async"
            height={30}
            loading="lazy"
            onError={[Function]}
            onLoad={[Function]}
            src="/_next/image?url=%2Ffavicon-48x48.png&w=64&q=75"
            srcSet="/_next/image?url=%2Ffavicon-48x48.png&w=32&q=75 1x, /_next/image?url=%2Ffavicon-48x48.png&w=64&q=75 2x"
            style={
              {
                "color": "transparent",
              }
            }
            width={30}
          />
        </a>
        <div
          aria-label="Open menu"
          className="hamburger"
          onClick={[Function]}
          role="button"
        >
          <span
            className="part"
          />
          <span
            className="part"
          />
          <span
            className="part"
          />
        </div>
      </div>
      <div
        className="content null container"
      >
        <ul
          className="list"
        >
          <li
            className="listItem"
          >
            <a
              className="link"
              href="/letter/a"
              onClick={[Function]}
              onMouseEnter={[Function]}
              onTouchStart={[Function]}
            >
              a
            </a>
          </li>
          <li
            className="listItem"
          >
            <a
              className="link"
              href="/letter/b"
              onClick={[Function]}
              onMouseEnter={[Function]}
              onTouchStart={[Function]}
            >
              b
            </a>
          </li>
          <li
            className="listItem"
          >
            <a
              className="link"
              href="/letter/d"
              onClick={[Function]}
              onMouseEnter={[Function]}
              onTouchStart={[Function]}
            >
              d
            </a>
          </li>
          <li
            className="listItem"
          >
            <a
              className="link"
              href="/letter/e"
              onClick={[Function]}
              onMouseEnter={[Function]}
              onTouchStart={[Function]}
            >
              e
            </a>
          </li>
          <li
            className="listItem"
          >
            <a
              className="link"
              href="/letter/f"
              onClick={[Function]}
              onMouseEnter={[Function]}
              onTouchStart={[Function]}
            >
              f
            </a>
          </li>
          <li
            className="listItem"
          >
            <a
              className="link"
              href="/letter/g"
              onClick={[Function]}
              onMouseEnter={[Function]}
              onTouchStart={[Function]}
            >
              g
            </a>
          </li>
          <li
            className="listItem"
          >
            <a
              className="link"
              href="/letter/h"
              onClick={[Function]}
              onMouseEnter={[Function]}
              onTouchStart={[Function]}
            >
              h
            </a>
          </li>
          <li
            className="listItem"
          >
            <a
              className="link"
              href="/letter/i"
              onClick={[Function]}
              onMouseEnter={[Function]}
              onTouchStart={[Function]}
            >
              i
            </a>
          </li>
          <li
            className="listItem"
          >
            <a
              className="link"
              href="/letter/j"
              onClick={[Function]}
              onMouseEnter={[Function]}
              onTouchStart={[Function]}
            >
              j
            </a>
          </li>
          <li
            className="listItem"
          >
            <a
              className="link"
              href="/letter/k"
              onClick={[Function]}
              onMouseEnter={[Function]}
              onTouchStart={[Function]}
            >
              k
            </a>
          </li>
          <li
            className="listItem"
          >
            <a
              className="link"
              href="/letter/l"
              onClick={[Function]}
              onMouseEnter={[Function]}
              onTouchStart={[Function]}
            >
              l
            </a>
          </li>
          <li
            className="listItem"
          >
            <a
              className="link"
              href="/letter/m"
              onClick={[Function]}
              onMouseEnter={[Function]}
              onTouchStart={[Function]}
            >
              m
            </a>
          </li>
          <li
            className="listItem"
          >
            <a
              className="link"
              href="/letter/n"
              onClick={[Function]}
              onMouseEnter={[Function]}
              onTouchStart={[Function]}
            >
              n
            </a>
          </li>
          <li
            className="listItem"
          >
            <a
              className="link"
              href="/letter/o"
              onClick={[Function]}
              onMouseEnter={[Function]}
              onTouchStart={[Function]}
            >
              o
            </a>
          </li>
          <li
            className="listItem"
          >
            <a
              className="link"
              href="/letter/p"
              onClick={[Function]}
              onMouseEnter={[Function]}
              onTouchStart={[Function]}
            >
              p
            </a>
          </li>
          <li
            className="listItem"
          >
            <a
              className="link"
              href="/letter/r"
              onClick={[Function]}
              onMouseEnter={[Function]}
              onTouchStart={[Function]}
            >
              r
            </a>
          </li>
          <li
            className="listItem"
          >
            <a
              className="link"
              href="/letter/s"
              onClick={[Function]}
              onMouseEnter={[Function]}
              onTouchStart={[Function]}
            >
              s
            </a>
          </li>
          <li
            className="listItem"
          >
            <a
              className="link"
              href="/letter/t"
              onClick={[Function]}
              onMouseEnter={[Function]}
              onTouchStart={[Function]}
            >
              t
            </a>
          </li>
          <li
            className="listItem"
          >
            <a
              className="link"
              href="/letter/u"
              onClick={[Function]}
              onMouseEnter={[Function]}
              onTouchStart={[Function]}
            >
              u
            </a>
          </li>
          <li
            className="listItem"
          >
            <a
              className="link"
              href="/letter/v"
              onClick={[Function]}
              onMouseEnter={[Function]}
              onTouchStart={[Function]}
            >
              v
            </a>
          </li>
          <li
            className="listItem"
          >
            <a
              className="link"
              href="/letter/x"
              onClick={[Function]}
              onMouseEnter={[Function]}
              onTouchStart={[Function]}
            >
              x
            </a>
          </li>
          <li
            className="listItem"
          >
            <a
              className="link"
              href="/letter/y"
              onClick={[Function]}
              onMouseEnter={[Function]}
              onTouchStart={[Function]}
            >
              y
            </a>
          </li>
          <li
            className="listItem"
          >
            <a
              className="link"
              href="/letter/ae"
              onClick={[Function]}
              onMouseEnter={[Function]}
              onTouchStart={[Function]}
            >
              æ
            </a>
          </li>
          <li
            className="listItem"
          >
            <a
              className="link"
              href="/letter/oe"
              onClick={[Function]}
              onMouseEnter={[Function]}
              onTouchStart={[Function]}
            >
              ø
            </a>
          </li>
        </ul>
        <form
          className="form"
          onSubmit={[Function]}
        >
          <input
            aria-label="Search"
            className="input"
            data-testid="searchbar-input"
            name="search"
            onChange={[Function]}
            type="search"
            value=""
          />
          <button
            className="button button--secondary button--no-margs"
            data-testid="searchbar-submit"
            name="submit"
            type="submit"
          >
            Search
          </button>
        </form>
      </div>
    </nav>
    <nav
      className="section"
    >
      <div
        className="container"
      >
        <a
          className="link"
          href="/"
          onClick={[Function]}
          onMouseEnter={[Function]}
          onTouchStart={[Function]}
        >
          Old Danish Dictionary
        </a>
        <script
          dangerouslySetInnerHTML={
            {
              "__html": "{"@context":"https://schema.org/","@type":"BreadcrumbList","itemListElement":[{"@type":"ListItem","position":1,"name":"Old Danish Dictionary","item":"undefined/"}]}",
            }
          }
          type="application/ld+json"
        />
      </div>
    </nav>
  </header>,
  <main
    className="container"
  >
    <section
      className="section"
    >
      <h1
        className="h2"
      >
        Old Danish Dictionary
      </h1>
      <p>
        Online version of the "
        <em>
          Ordbog til det ældre danske Sprog
        </em>
        ", the dictionary of Old Danish by Otto Kalkar.
      </p>
      <p>
        The dictionary contains over 45 000 translations from Old Danish to Danish. This is the largest dictionary of the language.
      </p>
      <a
        className="button"
        href="/search"
        onClick={[Function]}
        onMouseEnter={[Function]}
        onTouchStart={[Function]}
      >
        Search the dictionary
      </a>
    </section>
    <section
      className="section"
    >
      <h2
        className="h3"
      >
        What is Old Danish?
      </h2>
      <p>
        Old Danish was a language spoken in Denmark from year 800 to 1525. It represents the middle stages between Old East Norse (language of the Vikings) and modern Danish.
      </p>
      <p>
        Old Danish can further be divided into:
      </p>
      <ul>
        <li>
          - Runic Danish 800 - 1100 (olddansk in Danish)
        </li>
        <li>
          - Early Middle Danish 1100 - 1350 
          <em>
            (yngre gammeldansk/middeldansk in Danish)
          </em>
        </li>
        <li>
          - Late Middle Danish 1350 - 1525 
          <em>
            (ældre gammeldansk/middeldansk in Danish)
          </em>
        </li>
      </ul>
    </section>
    <section
      className="section"
    >
      <p
        className="h4"
      >
        A sample of Old Danish:
      </p>
      <p>
        <em>
          <a
            href="/word/tage-2"
            onClick={[Function]}
            onMouseEnter={[Function]}
            onTouchStart={[Function]}
          >
            Takær
          </a>
           
          <a
            href="/word/bonde"
            onClick={[Function]}
            onMouseEnter={[Function]}
            onTouchStart={[Function]}
          >
            bondæ
          </a>
           annær 
          <a
            href="/word/mand"
            onClick={[Function]}
            onMouseEnter={[Function]}
            onTouchStart={[Function]}
          >
            man
          </a>
           mæth 
          <a
            href="/word/sin-2"
            onClick={[Function]}
            onMouseEnter={[Function]}
            onTouchStart={[Function]}
          >
            sin
          </a>
           
          <a
            href="/word/kvinde"
            onClick={[Function]}
            onMouseEnter={[Function]}
            onTouchStart={[Function]}
          >
            kunæ
          </a>
           
          <a
            href="/word/og"
            onClick={[Function]}
            onMouseEnter={[Function]}
            onTouchStart={[Function]}
          >
            oc
          </a>
           
          <a
            href="/word/komme"
            onClick={[Function]}
            onMouseEnter={[Function]}
            onTouchStart={[Function]}
          >
            kumar
          </a>
           
          <a
            href="/word/sva"
            onClick={[Function]}
            onMouseEnter={[Function]}
            onTouchStart={[Function]}
          >
            swa
          </a>
           at 
          <a
            href="/word/han-2"
            onClick={[Function]}
            onMouseEnter={[Function]}
            onTouchStart={[Function]}
          >
            han
          </a>
           
          <a
            href="/word/draebe"
            onClick={[Function]}
            onMouseEnter={[Function]}
            onTouchStart={[Function]}
          >
            dræpær
          </a>
           anti mannen [...]
        </em>
        <hr />
        <em>
          If a peasant finds another man with his wife and it happens that he does not kill the man [...]
        </em>
      </p>
      <p>
        - Excerpt from The Zealandic Law of Erik, 13th century.
      </p>
    </section>
    <section
      className="section"
    >
      <h2
        className="h4"
      >
        Written language of the dictionary
      </h2>
      <p>
        The dictionary was published in the late 1800's, making the language of the definitions quite old fashioned for readers of modern Danish. The definitions generally also contain quotes from older dictionaries, so the language can be an exotic mixture of medieval and modern Danish.
      </p>
    </section>
    <section
      className="section"
    >
      <h3
        className="h5"
      >
        Did you find a mistake?
      </h3>
      <p>
        This dictionary has been machine generated, which means there are many mistakes. It is based on scans and photos of a quite large book from the 19th century. This means only a fraction of the OCR (image to text) output has been proofread.
      </p>
      <p>
        The quality will be improved in small increments. If some pages seem completely wrong, you can open an issue in Github. Links is in the footer for website & data source.
      </p>
    </section>
    <div
      aria-label="Back to top"
      className="backToTop"
      onClick={[Function]}
      role="button"
    >
      ↑
    </div>
  </main>,
  <footer
    className="section"
  >
    <div
      className="container"
    >
      <section
        className="section"
      >
        <h2>
          About
        </h2>
        <p>
          Based on "Ordbog til det ældre danske Sprog" by Otto Kalkar.
        </p>
        <p>
          It is the largest Old Danish dictionary. The original volumes were published in 1881 - 1907, with additional supplement added in 1907 - 1918.
        </p>
      </section>
      <section
        className="section"
      >
        <h3
          className="h4"
        >
          Old Danish language
        </h3>
        <p>
          Old Danish developed from Old East Norse, the eastern dialect of Old Norse, at the end of the Viking Age.
        </p>
        <p>
          Despite its name, Kalkars dictionary is not exactly a dictionary of "Old Danish",as it covers period from Middle Danish to early Modern Danish. The dictionary covers time period of 1300 - 1700, which means the oldest vocabulary would not differ much from that used in the Viking Age, while the newest portions would not differ much from modern Danish.
        </p>
      </section>
      <section
        className="section"
      >
        <h4>
          Old Norse language
        </h4>
        <p>
          Old Norse was a North Germanic language that was spoken by inhabitants of Scandinavia and their overseas settlements from about the 7th to the 15th centuries.
        </p>
        <p>
          Also known as "the viking language", "Old Nordic", or "Old Scandinavian"
        </p>
      </section>
      <div
        className="navs"
      >
        <nav
          className="nav"
        >
          <h4
            className="navTitle"
          >
            Dictionary project
          </h4>
          <ul>
            <li>
              <a
                href="https://github.com/stscoundrel/old-danish-dictionary-next"
                rel="noopener noreferrer"
                target="_blank"
              >
                Source code
              </a>
            </li>
            <li>
              <a
                href="https://github.com/stscoundrel/old-danish-dictionary"
                rel="noopener noreferrer"
                target="_blank"
              >
                Data source
              </a>
            </li>
            <li>
              <a
                href="https://github.com/stscoundrel/old-danish-dictionary-builder"
                rel="noopener noreferrer"
                target="_blank"
              >
                Data source builder
              </a>
            </li>
          </ul>
        </nav>
        <nav
          className="nav"
        >
          <h4
            className="navTitle"
          >
            Related dictionary projects
          </h4>
          <ul>
            <li>
              <a
                href="https://old-swedish-dictionary.vercel.app/"
                rel="noopener noreferrer"
                target="_blank"
              >
                K.F Söderwall's Old Swedish Dictionary
              </a>
            </li>
            <li>
              <a
                href="https://old-norwegian-dictionary.vercel.app/"
                rel="noopener noreferrer"
                target="_blank"
              >
                Dictionary of the Old Norwegian Language
              </a>
            </li>
            <li>
              <a
                href="https://cleasby-vigfusson-dictionary.vercel.app/"
                rel="noopener noreferrer"
                target="_blank"
              >
                Cleasby and Vigfusson Old Norse Dictionary
              </a>
            </li>
            <li>
              <a
                href="https://old-icelandic.vercel.app/"
                rel="noopener noreferrer"
                target="_blank"
              >
                A Concise Dictionary of Old Icelandic
              </a>
            </li>
          </ul>
        </nav>
        <nav
          className="nav"
        >
          <h4
            className="navTitle"
          >
            Quick links
          </h4>
          <ul
            className="navColumns"
          >
            <li
              className="navColumnItem"
            >
              <a
                className="link"
                href="/letter/a"
                onClick={[Function]}
                onMouseEnter={[Function]}
                onTouchStart={[Function]}
              >
                a
              </a>
            </li>
            <li
              className="navColumnItem"
            >
              <a
                className="link"
                href="/letter/b"
                onClick={[Function]}
                onMouseEnter={[Function]}
                onTouchStart={[Function]}
              >
                b
              </a>
            </li>
            <li
              className="navColumnItem"
            >
              <a
                className="link"
                href="/letter/d"
                onClick={[Function]}
                onMouseEnter={[Function]}
                onTouchStart={[Function]}
              >
                d
              </a>
            </li>
            <li
              className="navColumnItem"
            >
              <a
                className="link"
                href="/letter/e"
                onClick={[Function]}
                onMouseEnter={[Function]}
                onTouchStart={[Function]}
              >
                e
              </a>
            </li>
            <li
              className="navColumnItem"
            >
              <a
                className="link"
                href="/letter/f"
                onClick={[Function]}
                onMouseEnter={[Function]}
                onTouchStart={[Function]}
              >
                f
              </a>
            </li>
            <li
              className="navColumnItem"
            >
              <a
                className="link"
                href="/letter/g"
                onClick={[Function]}
                onMouseEnter={[Function]}
                onTouchStart={[Function]}
              >
                g
              </a>
            </li>
            <li
              className="navColumnItem"
            >
              <a
                className="link"
                href="/letter/h"
                onClick={[Function]}
                onMouseEnter={[Function]}
                onTouchStart={[Function]}
              >
                h
              </a>
            </li>
            <li
              className="navColumnItem"
            >
              <a
                className="link"
                href="/letter/i"
                onClick={[Function]}
                onMouseEnter={[Function]}
                onTouchStart={[Function]}
              >
                i
              </a>
            </li>
            <li
              className="navColumnItem"
            >
              <a
                className="link"
                href="/letter/j"
                onClick={[Function]}
                onMouseEnter={[Function]}
                onTouchStart={[Function]}
              >
                j
              </a>
            </li>
            <li
              className="navColumnItem"
            >
              <a
                className="link"
                href="/letter/k"
                onClick={[Function]}
                onMouseEnter={[Function]}
                onTouchStart={[Function]}
              >
                k
              </a>
            </li>
            <li
              className="navColumnItem"
            >
              <a
                className="link"
                href="/letter/l"
                onClick={[Function]}
                onMouseEnter={[Function]}
                onTouchStart={[Function]}
              >
                l
              </a>
            </li>
            <li
              className="navColumnItem"
            >
              <a
                className="link"
                href="/letter/m"
                onClick={[Function]}
                onMouseEnter={[Function]}
                onTouchStart={[Function]}
              >
                m
              </a>
            </li>
            <li
              className="navColumnItem"
            >
              <a
                className="link"
                href="/letter/n"
                onClick={[Function]}
                onMouseEnter={[Function]}
                onTouchStart={[Function]}
              >
                n
              </a>
            </li>
            <li
              className="navColumnItem"
            >
              <a
                className="link"
                href="/letter/o"
                onClick={[Function]}
                onMouseEnter={[Function]}
                onTouchStart={[Function]}
              >
                o
              </a>
            </li>
            <li
              className="navColumnItem"
            >
              <a
                className="link"
                href="/letter/p"
                onClick={[Function]}
                onMouseEnter={[Function]}
                onTouchStart={[Function]}
              >
                p
              </a>
            </li>
            <li
              className="navColumnItem"
            >
              <a
                className="link"
                href="/letter/r"
                onClick={[Function]}
                onMouseEnter={[Function]}
                onTouchStart={[Function]}
              >
                r
              </a>
            </li>
            <li
              className="navColumnItem"
            >
              <a
                className="link"
                href="/letter/s"
                onClick={[Function]}
                onMouseEnter={[Function]}
                onTouchStart={[Function]}
              >
                s
              </a>
            </li>
            <li
              className="navColumnItem"
            >
              <a
                className="link"
                href="/letter/t"
                onClick={[Function]}
                onMouseEnter={[Function]}
                onTouchStart={[Function]}
              >
                t
              </a>
            </li>
            <li
              className="navColumnItem"
            >
              <a
                className="link"
                href="/letter/u"
                onClick={[Function]}
                onMouseEnter={[Function]}
                onTouchStart={[Function]}
              >
                u
              </a>
            </li>
            <li
              className="navColumnItem"
            >
              <a
                className="link"
                href="/letter/v"
                onClick={[Function]}
                onMouseEnter={[Function]}
                onTouchStart={[Function]}
              >
                v
              </a>
            </li>
            <li
              className="navColumnItem"
            >
              <a
                className="link"
                href="/letter/x"
                onClick={[Function]}
                onMouseEnter={[Function]}
                onTouchStart={[Function]}
              >
                x
              </a>
            </li>
            <li
              className="navColumnItem"
            >
              <a
                className="link"
                href="/letter/y"
                onClick={[Function]}
                onMouseEnter={[Function]}
                onTouchStart={[Function]}
              >
                y
              </a>
            </li>
            <li
              className="navColumnItem"
            >
              <a
                className="link"
                href="/letter/ae"
                onClick={[Function]}
                onMouseEnter={[Function]}
                onTouchStart={[Function]}
              >
                æ
              </a>
            </li>
            <li
              className="navColumnItem"
            >
              <a
                className="link"
                href="/letter/oe"
                onClick={[Function]}
                onMouseEnter={[Function]}
                onTouchStart={[Function]}
              >
                ø
              </a>
            </li>
          </ul>
        </nav>
      </div>
      <small
        className="copyright"
      >
        Copyright © 2024 - 2024
        <br />
        <a
          href="https://github.com/stscoundrel"
          rel="noopener noreferrer"
          target="_blank"
        >
          Sampo Silvennoinen / StScoundrel
        </a>
      </small>
    </div>
  </footer>,
]
`;
