// Jest Snapshot v1, https://goo.gl/fbAQLP

exports[`Footer component Matches snapshot 1`] = `
<footer
  className="section"
>
  <div
    className="container"
  >
    <section
      className="section"
    >
      <h2>
        About
      </h2>
      <p>
        Based on "Ordbog til det ældre danske Sprog" by Otto Kalkar.
      </p>
      <p>
        It is the largest Old Danish dictionary. The original volumes were published in 1881 - 1907, with additional supplement added in 1907 - 1918.
      </p>
    </section>
    <section
      className="section"
    >
      <h3
        className="h4"
      >
        Old Danish language
      </h3>
      <p>
        Old Swedish developed from Old East Norse, the eastern dialect of Old Norse, at the end of the Viking Age.
      </p>
      <p>
        Despite its name, Kalkars dictionary is not exactly a dictionary of "Old Danish",as it covers period from Middle Danish to early Modern Danish. The dictionary covers time period of 1300 - 1700, which means the oldest vocabulary would not differ much from that used in the Viking Age, while the newest portions would not differ much from modern Danish.
      </p>
    </section>
    <section
      className="section"
    >
      <h4>
        Old Norse language
      </h4>
      <p>
        Old Norse was a North Germanic language that was spoken by inhabitants of Scandinavia and their overseas settlements from about the 7th to the 15th centuries.
      </p>
      <p>
        Also known as "the viking language", "Old Nordic", or "Old Scandinavian"
      </p>
    </section>
    <div
      className="navs"
    >
      <nav
        className="nav"
      >
        <h4
          className="navTitle"
        >
          Dictionary project
        </h4>
        <ul>
          <li>
            <a
              href="https://github.com/stscoundrel/old-danish-dictionary-next"
              rel="noopener noreferrer"
              target="_blank"
            >
              Source code
            </a>
          </li>
          <li>
            <a
              href="https://github.com/stscoundrel/old-danish-dictionary"
              rel="noopener noreferrer"
              target="_blank"
            >
              Data source
            </a>
          </li>
          <li>
            <a
              href="https://github.com/stscoundrel/old-danish-dictionary-builder"
              rel="noopener noreferrer"
              target="_blank"
            >
              Data source builder
            </a>
          </li>
        </ul>
      </nav>
      <nav
        className="nav"
      >
        <h4
          className="navTitle"
        >
          Related dictionary projects
        </h4>
        <ul>
          <li>
            <a
              href="https://old-swedish-dictionary.vercel.app/"
              rel="noopener noreferrer"
              target="_blank"
            >
              K.F Söderwall's Old Swedish Dictionary
            </a>
          </li>
          <li>
            <a
              href="https://old-norwegian-dictionary.vercel.app/"
              rel="noopener noreferrer"
              target="_blank"
            >
              Dictionary of the Old Norwegian Language
            </a>
          </li>
          <li>
            <a
              href="https://cleasby-vigfusson-dictionary.vercel.app/"
              rel="noopener noreferrer"
              target="_blank"
            >
              Cleasby and Vigfusson Old Norse Dictionary
            </a>
          </li>
          <li>
            <a
              href="https://old-icelandic.vercel.app/"
              rel="noopener noreferrer"
              target="_blank"
            >
              A Concise Dictionary of Old Icelandic
            </a>
          </li>
        </ul>
      </nav>
      <nav
        className="nav"
      >
        <h4
          className="navTitle"
        >
          Quick links
        </h4>
        <ul
          className="navColumns"
        >
          <li
            className="navColumnItem"
          >
            <a
              className="link"
              href="/letter/a"
              onClick={[Function]}
              onMouseEnter={[Function]}
              onTouchStart={[Function]}
            >
              A
            </a>
          </li>
          <li
            className="navColumnItem"
          >
            <a
              className="link"
              href="/letter/b"
              onClick={[Function]}
              onMouseEnter={[Function]}
              onTouchStart={[Function]}
            >
              B
            </a>
          </li>
        </ul>
      </nav>
    </div>
    <small
      className="copyright"
    >
      Copyright © 2024 - 2024
      <br />
      <a
        href="https://github.com/stscoundrel"
        rel="noopener noreferrer"
        target="_blank"
      >
        Sampo Silvennoinen / StScoundrel
      </a>
    </small>
  </div>
</footer>
`;
